GPIO_Interrupt_callback_dispatch.c:48:6:init_GPIO_interrupt	56	static
GPIO_Interrupt_callback_dispatch.c:80:5:debounceFilterTimerInit	40	static
GPIO_Interrupt_callback_dispatch.c:109:5:createCallback	16	static
GPIO_Interrupt_callback_dispatch.c:124:5:disableCallback	16	static
GPIO_Interrupt_callback_dispatch.c:134:6:EXTI4_15_IRQHandler	8	static
GPIO_Interrupt_callback_dispatch.c:138:6:EXTI2_3_IRQHandler	8	static
GPIO_Interrupt_callback_dispatch.c:142:6:EXTI0_1_IRQHandler	8	static
GPIO_Interrupt_callback_dispatch.c:146:6:HAL_TIM_PeriodElapsedCallback	24	static
